// Jest Snapshot v1, https://goo.gl/fbAQLP

exports[`RemoveTracker component should to match with snapshot 1`] = `
"<div class=\\"flex flex-col items-center gap-2 text-orange-600 cursor-pointer duration-500 hover:text-red-700\\" removetracker=\\"function () {
        return fn.apply(this, arguments);
      }\\"><img src=\\"iconDelete\\" alt=\\"Remove Tracker\\" class=\\"w-7\\">
  <p>Remove</p>
</div>"
`;
