// Jest Snapshot v1, https://goo.gl/fbAQLP

exports[`CountryList component should to match with snapshot - mount 1`] = `
"<div>
  <div class=\\"flex py-4 px-4 bg-dollar-primary hover:bg-green-600 text-white rounded-md shadow-md cursor-pointer\\" data-test=\\"card-9a9f07bea8f\\">
    <div class=\\"flex flex-col flex-1\\">
      <h2 class=\\"text-2xl\\">Plurinational State of Bolivia</h2>
      <h3>Feb 8, 2023</h3>
    </div>
    <div class=\\"flex flex-col gap-2\\">
      <p class=\\"text-3cl self-end\\"> BOB</p>
      <p class=\\"text-3cl self-end\\">1 USD</p>
    </div>
  </div>
</div>
<div>
  <div class=\\"flex py-4 px-4 bg-dollar-primary hover:bg-green-600 text-white rounded-md shadow-md cursor-pointer\\" data-test=\\"card-6066f819001\\">
    <div class=\\"flex flex-col flex-1\\">
      <h2 class=\\"text-2xl\\">United States Minor Outlying Islands</h2>
      <h3>Feb 8, 2023</h3>
    </div>
    <div class=\\"flex flex-col gap-2\\">
      <p class=\\"text-3cl self-end\\"> USD</p>
      <p class=\\"text-3cl self-end\\">1 USD</p>
    </div>
  </div>
</div>
<!--v-if-->"
`;

exports[`CountryList component should to match with snapshot - shallowMount 1`] = `
"<div>
  <country-card-stub country=\\"[object Object]\\" data-test=\\"card-9a9f07bea8f\\"></country-card-stub>
</div>
<div>
  <country-card-stub country=\\"[object Object]\\" data-test=\\"card-6066f819001\\"></country-card-stub>
</div>
<!--v-if-->"
`;
