// Jest Snapshot v1, https://goo.gl/fbAQLP

exports[`CountryCard component should to match with snapshot 1`] = `
"<div class=\\"flex py-4 px-4 bg-dollar-primary hover:bg-green-600 text-white rounded-md shadow-md cursor-pointer\\">
  <div class=\\"flex flex-col flex-1\\">
    <h2 class=\\"text-2xl\\">Plurinational State of Bolivia</h2>
    <h3>Feb 5, 2023</h3>
  </div>
  <div class=\\"flex flex-col gap-2\\">
    <p class=\\"text-3cl self-end\\">6.95361 BO</p>
    <p class=\\"text-3cl self-end\\">1 USD</p>
  </div>
</div>"
`;
